exports[`test Spinner matches the snapshot 1`] = `
<div
  className="spinner">
  <div />
  <div />
  <div />
  <div />
  <div />
  <div />
  <div />
  <div />
</div>
`;
